[2026-07-07T10:22:09.580501] Игра Wordle запущена.
[2026-07-07T10:22:09.6054865] Начинаем загрузку словаря из файла: words_ru.txt
[2026-07-07T10:22:09.8853113] Загрузка завершена: всего строк = 67763, пропущено пустых = 0, пропущено по длине = 63604, пропущено по символам = 2, пропущено дубликатов = 20, загружено валидных слов = 4137
[2026-07-07T10:22:09.8873123] Словарь успешно загружен из: words_ru.txt
[2026-07-07T10:22:09.8883106] Загадано слово: медея
[2026-07-07T10:22:09.9013024] WordleGame создан: ответ = медея, макс. попыток = 6
[2026-07-07T10:22:09.9072992] Игра создана. Максимум попыток: 6
[2026-07-07T10:22:09.9572675] isFinished: guessed = false, limitReached = false, steps = 0, maxSteps = 6
[2026-07-07T10:22:18.4016652] isFinished: guessed = false, limitReached = false, steps = 0, maxSteps = 6
[2026-07-07T10:22:18.4036645] Ход: игрок ввёл "робот", ответ = "медея"
[2026-07-07T10:22:18.407662] Результат хода: [-,-,-,-,-]
[2026-07-07T10:22:18.4216555] Ход 1: робот -> -----
[2026-07-07T10:22:18.422652] isFinished: guessed = false, limitReached = false, steps = 1, maxSteps = 6
[2026-07-07T10:22:22.1676989] isFinished: guessed = false, limitReached = false, steps = 1, maxSteps = 6
[2026-07-07T10:22:22.1776917] Игровая ошибка: Вы уже вводили это слово.
[2026-07-07T10:22:22.1786914] isFinished: guessed = false, limitReached = false, steps = 1, maxSteps = 6
[2026-07-07T10:22:26.9009741] Запрос подсказки. Текущая история ходов: 1
[2026-07-07T10:22:26.9139645] После фильтрации по перегруженным буквам кандидатов осталось: 4136
[2026-07-07T10:22:26.930955] Фильтрация по ходу "робот": кандидатов было 4136, стало 1142
[2026-07-07T10:22:26.9319537] Подсказка: "сваха" (из 1142 подходящих вариантов)
[2026-07-07T10:22:26.9339521] Подсказка: сваха
[2026-07-07T10:22:26.9339521] isFinished: guessed = false, limitReached = false, steps = 1, maxSteps = 6
[2026-07-07T10:22:26.9349545] Ход: игрок ввёл "сваха", ответ = "медея"
[2026-07-07T10:22:26.9349545] Результат хода: [-,-,-,-,-]
[2026-07-07T10:22:26.9349545] Ход (подсказка): сваха -> -----
[2026-07-07T10:22:26.9359549] isFinished: guessed = false, limitReached = false, steps = 2, maxSteps = 6
[2026-07-07T10:22:31.4544895] isFinished: guessed = false, limitReached = false, steps = 2, maxSteps = 6
[2026-07-07T10:22:31.4544895] Игровая ошибка: Вы уже вводили это слово.
[2026-07-07T10:22:31.4554874] isFinished: guessed = false, limitReached = false, steps = 2, maxSteps = 6
[2026-07-07T10:22:33.3307961] Запрос подсказки. Текущая история ходов: 2
[2026-07-07T10:22:33.3337921] После фильтрации по перегруженным буквам кандидатов осталось: 4135
[2026-07-07T10:22:33.3377899] Фильтрация по ходу "робот": кандидатов было 4135, стало 1141
[2026-07-07T10:22:33.3407869] Фильтрация по ходу "сваха": кандидатов было 1141, стало 231
[2026-07-07T10:22:33.3417876] Подсказка: "люмен" (из 231 подходящих вариантов)
[2026-07-07T10:22:33.3417876] Подсказка: люмен
[2026-07-07T10:22:33.3417876] isFinished: guessed = false, limitReached = false, steps = 2, maxSteps = 6
[2026-07-07T10:22:33.3427858] Ход: игрок ввёл "люмен", ответ = "медея"
[2026-07-07T10:22:33.3427858] Результат хода: [-,-,^,+,-]
[2026-07-07T10:22:33.3437852] Ход (подсказка): люмен -> --^+-
[2026-07-07T10:22:33.3437852] isFinished: guessed = false, limitReached = false, steps = 3, maxSteps = 6
[2026-07-07T10:22:34.7804313] Запрос подсказки. Текущая история ходов: 3
[2026-07-07T10:22:34.7844266] После фильтрации по перегруженным буквам кандидатов осталось: 4134
[2026-07-07T10:22:34.7854252] Фильтрация по ходу "робот": кандидатов было 4134, стало 1140
[2026-07-07T10:22:34.7864257] Фильтрация по ходу "сваха": кандидатов было 1140, стало 230
[2026-07-07T10:22:34.7934208] Фильтрация по ходу "люмен": кандидатов было 230, стало 3
[2026-07-07T10:22:34.79442] Подсказка: "мышей" (из 3 подходящих вариантов)
[2026-07-07T10:22:34.79442] Подсказка: мышей
[2026-07-07T10:22:34.79442] isFinished: guessed = false, limitReached = false, steps = 3, maxSteps = 6
[2026-07-07T10:22:34.7954198] Ход: игрок ввёл "мышей", ответ = "медея"
[2026-07-07T10:22:34.7954198] Результат хода: [+,-,-,+,-]
[2026-07-07T10:22:34.7954198] Ход (подсказка): мышей -> +--+-
[2026-07-07T10:22:34.7964187] isFinished: guessed = false, limitReached = false, steps = 4, maxSteps = 6
[2026-07-07T10:22:36.0757641] Запрос подсказки. Текущая история ходов: 4
[2026-07-07T10:22:36.0777602] После фильтрации по перегруженным буквам кандидатов осталось: 4133
[2026-07-07T10:22:36.0817589] Фильтрация по ходу "робот": кандидатов было 4133, стало 1139
[2026-07-07T10:22:36.0837567] Фильтрация по ходу "сваха": кандидатов было 1139, стало 229
[2026-07-07T10:22:36.0847561] Фильтрация по ходу "люмен": кандидатов было 229, стало 2
[2026-07-07T10:22:36.0847561] Фильтрация по ходу "мышей": кандидатов было 2, стало 1
[2026-07-07T10:22:36.0857548] Подсказка: "медея" (из 1 подходящих вариантов)
[2026-07-07T10:22:36.0857548] Подсказка: медея
[2026-07-07T10:22:36.0857548] isFinished: guessed = false, limitReached = false, steps = 4, maxSteps = 6
[2026-07-07T10:22:36.0857548] Ход: игрок ввёл "медея", ответ = "медея"
[2026-07-07T10:22:36.0867584] Результат хода: [+,+,+,+,+]
[2026-07-07T10:22:36.0867584] Ход (подсказка): медея -> +++++
[2026-07-07T10:22:36.0867584] isFinished: guessed = true, limitReached = false, steps = 5, maxSteps = 6
[2026-07-07T10:22:36.0877558] Игра завершена.
